<html>
<body>
<pre>
<h1>µVision Build Log</h1>
<h2>Tool Versions:</h2>
IDE-Version: •ÏVision V5.38.0.0
Copyright (C) 2022 ARM Ltd and ARM Germany GmbH. All rights reserved.
License Information: junhyuck yang, sogang univ, LIC=----
 
Tool Versions:
Toolchain:       MDK-Lite  Version: 5.38.0.0
Toolchain Path:  C:\Keil_v5\ARM\ARMCLANG\Bin
C Compiler:      ArmClang.exe V6.19
Assembler:       Armasm.exe V6.19
Linker/Locator:  ArmLink.exe V6.19
Library Manager: ArmAr.exe V6.19
Hex Converter:   FromElf.exe V6.19
CPU DLL:         SARMCM3.DLL V5.38.0.0
Dialog DLL:      DCM.DLL V1.17.5.0
Target DLL:      STLink\ST-LINKIII-KEIL_SWO.dll V3.1.0.0
Dialog DLL:      TCM.DLL V1.56.4.0
 
<h2>Project:</h2>
C:\Users\hyunju\Desktop\yang_7th_sem\microprocessor_project\Project2_BoardB\Project_BoardB.uvprojx
Project File Date:  06/22/2023

<h2>Output:</h2>
*** Using Compiler 'V6.19', folder: 'C:\Keil_v5\ARM\ARMCLANG\Bin'
Build target 'Target 1'
assembling startup_stm32f10x_md.s...
RTE/Device/STM32F103RB/system_stm32f10x.c(166): warning: no previous extern declaration for non-static variable 'AHBPrescTable' [-Wmissing-variable-declarations]
__I uint8_t AHBPrescTable[16] = {0, 0, 0, 0, 0, 0, 0, 0, 1, 2, 3, 4, 6, 7, 8, 9};
            ^
RTE/Device/STM32F103RB/system_stm32f10x.c(166): note: declare 'static' if the variable is not intended to be used outside of this translation unit
__I uint8_t AHBPrescTable[16] = {0, 0, 0, 0, 0, 0, 0, 0, 1, 2, 3, 4, 6, 7, 8, 9};
    ^
1 warning generated.
compiling system_stm32f10x.c...
boardB_main.c(2): warning: In file included from...
./boardB_USART.c(2): warning: // comments are not allowed in this language [-Wcomment]
extern u8 whatis;// signal for USART. indicate what data is going to be received
                 ^
./boardB_USART.c(24): warning: a function declaration without a prototype is deprecated in all versions of C [-Wstrict-prototypes]
void time_transform();
                   ^
                    void
./boardB_USART.c(25): warning: a function declaration without a prototype is deprecated in all versions of C [-Wstrict-prototypes]
void light_transform();
                    ^
                     void
./boardB_USART.c(26): warning: a function declaration without a prototype is deprecated in all versions of C [-Wstrict-prototypes]
void temp_transform();
                   ^
                    void
./boardB_USART.c(27): warning: a function declaration without a prototype is deprecated in all versions of C [-Wstrict-prototypes]
void time_setting_transform();
                           ^
                            void
./boardB_USART.c(29): warning: no previous prototype for function 'usart_setting' [-Wmissing-prototypes]
void usart_setting(void){
     ^
./boardB_USART.c(29): note: declare 'static' if the function is not intended to be used outside of this translation unit
void usart_setting(void){
^
static 
./boardB_USART.c(56): warning: implicit conversion loses integer precision: 'volatile uint16_t' (aka 'volatile unsigned short') to 'u8' (aka 'unsigned char') [-Wimplicit-int-conversion]
                        usart_start = USART1->DR;
                                    ~ ~~~~~~~~^~
./boardB_USART.c(70): warning: implicit conversion loses integer precision: 'volatile uint16_t' (aka 'volatile unsigned short') to 'u8' (aka 'unsigned char') [-Wimplicit-int-conversion]
                        time_sel = USART1->DR;
                                 ~ ~~~~~~~~^~
./boardB_USART.c(74): warning: implicit conversion loses integer precision: 'volatile uint16_t' (aka 'volatile unsigned short') to 'u8' (aka 'unsigned char') [-Wimplicit-int-conversion]
                        temp_sel = USART1->DR;
                                 ~ ~~~~~~~~^~
./boardB_USART.c(78): warning: implicit conversion loses integer precision: 'volatile uint16_t' (aka 'volatile unsigned short') to 'u8' (aka 'unsigned char') [-Wimplicit-int-conversion]
                        mode = USART1->DR;
                             ~ ~~~~~~~~^~
./boardB_USART.c(82): warning: implicit conversion loses integer precision: 'volatile uint16_t' (aka 'volatile unsigned short') to 'u8' (aka 'unsigned char') [-Wimplicit-int-conversion]
                        setting = USART1->DR;
                                ~ ~~~~~~~~^~
./boardB_USART.c(104): warning: implicit conversion loses integer precision: 'volatile uint16_t' (aka 'volatile unsigned short') to 'u8' (aka 'unsigned char') [-Wimplicit-int-conversion]
                        time_init = USART1->DR;
                                  ~ ~~~~~~~~^~
./boardB_USART.c(108): warning: implicit conversion loses integer precision: 'volatile uint16_t' (aka 'volatile unsigned short') to 'u8' (aka 'unsigned char') [-Wimplicit-int-conversion]
                        time_hour_min_sec = USART1->DR;
                                          ~ ~~~~~~~~^~
./boardB_USART.c(112): warning: implicit conversion loses integer precision: 'volatile uint16_t' (aka 'volatile unsigned short') to 'u8' (aka 'unsigned char') [-Wimplicit-int-conversion]
                        setting_mode = USART1->DR;
                                     ~ ~~~~~~~~^~
./boardB_USART.c(52): warning: no previous prototype for function 'USART1_IRQHandler' [-Wmissing-prototypes]
void USART1_IRQHandler(void){
     ^
./boardB_USART.c(52): note: declare 'static' if the function is not intended to be used outside of this translation unit
void USART1_IRQHandler(void){
^
static 
boardB_main.c(3): warning: In file included from...
./boardB_display.c(3): warning: // comments are not allowed in this language [-Wcomment]
        {0x7, 0x5, 0x5, 0x5, 0x7},                                      //0
                                                                        ^
./boardB_display.c(2): warning: no previous extern declaration for non-static variable 'font5x4' [-Wmissing-variable-declarations]
u8 font5x4[20][5] = {
   ^
./boardB_display.c(2): note: declare 'static' if the variable is not intended to be used outside of this translation unit
u8 font5x4[20][5] = {
^
./boardB_display.c(24): warning: no previous extern declaration for non-static variable 'lx_font' [-Wmissing-variable-declarations]
u16 lx_font[5] = {0x40, 0x40, 0x45, 0x42, 0x75};
    ^
./boardB_display.c(24): note: declare 'static' if the variable is not intended to be used outside of this translation unit
u16 lx_font[5] = {0x40, 0x40, 0x45, 0x42, 0x75};
^
./boardB_display.c(26): warning: no previous prototype for function 'matrix_setting' [-Wmissing-prototypes]
void matrix_setting(void){
     ^
./boardB_display.c(26): note: declare 'static' if the function is not intended to be used outside of this translation unit
void matrix_setting(void){
^
static 
./boardB_display.c(85): warning: declaration shadows a variable in the global scope [-Wshadow]
u32 shift_display (u32 display_main, u8 shiftbit,u8 length){
                       ^
./boardB_display.c(59): note: previous declaration is here
extern u32 display_main[5]; // input catch
           ^
./boardB_display.c(85): warning: declaration shadows a variable in the global scope [-Wshadow]
u32 shift_display (u32 display_main, u8 shiftbit,u8 length){
                                        ^
./boardB_display.c(80): note: previous declaration is here
extern u8 shiftbit; // shift bit memory
          ^
./boardB_display.c(103): warning: implicit conversion changes signedness: 'int' to 'unsigned int' [-Wsign-conversion]
                        u32 data = (display_main & mask_length); //lsb "length" bit 2_1111111111111111 
                                                 ~ ^~~~~~~~~~~
./boardB_display.c(104): warning: implicit conversion changes signedness: 'int' to 'unsigned int' [-Wsign-conversion]
                        u32 msb = (data >> (length-shiftbit)) & mask; //msb "shiftbit" bit
                                                              ~ ^~~~
./boardB_display.c(106): warning: implicit conversion changes signedness: 'int' to 'unsigned int' [-Wsign-conversion]
                        result = (display_main & (~mask_length)) | merged;
                                               ~  ^~~~~~~~~~~~
./boardB_display.c(103): warning: mixing declarations and code is a C99 extension [-Wdeclaration-after-statement]
                        u32 data = (display_main & mask_length); //lsb "length" bit 2_1111111111111111 
                            ^
./boardB_display.c(85): warning: no previous prototype for function 'shift_display' [-Wmissing-prototypes]
u32 shift_display (u32 display_main, u8 shiftbit,u8 length){
    ^
./boardB_display.c(85): note: declare 'static' if the function is not intended to be used outside of this translation unit
u32 shift_display (u32 display_main, u8 shiftbit,u8 length){
^
static 
./boardB_display.c(117): warning: variable declaration in for loop is a C99-specific feature [-Wc99-extensions]
                                for (int N=0; N<5; N++){
                                     ^
./boardB_display.c(117): warning: GCC does not allow variable declarations in for loop initializers before C99 [-Wgcc-compat]
./boardB_display.c(122): warning: variable declaration in for loop is a C99-specific feature [-Wc99-extensions]
                                for (int N=0; N<5; N++){
                                     ^
./boardB_display.c(122): warning: GCC does not allow variable declarations in for loop initializers before C99 [-Wgcc-compat]
./boardB_display.c(127): warning: variable declaration in for loop is a C99-specific feature [-Wc99-extensions]
                                for (int N=0; N<5; N++){
                                     ^
./boardB_display.c(127): warning: GCC does not allow variable declarations in for loop initializers before C99 [-Wgcc-compat]
./boardB_display.c(132): warning: variable declaration in for loop is a C99-specific feature [-Wc99-extensions]
                                for (int N=0; N<5; N++){
                                     ^
./boardB_display.c(132): warning: GCC does not allow variable declarations in for loop initializers before C99 [-Wgcc-compat]
./boardB_display.c(137): warning: variable declaration in for loop is a C99-specific feature [-Wc99-extensions]
                                for (int N=0; N<5; N++){
                                     ^
./boardB_display.c(137): warning: GCC does not allow variable declarations in for loop initializers before C99 [-Wgcc-compat]
./boardB_display.c(142): warning: variable declaration in for loop is a C99-specific feature [-Wc99-extensions]
                          for (int N=0; N<5; N++){
                               ^
./boardB_display.c(142): warning: GCC does not allow variable declarations in for loop initializers before C99 [-Wgcc-compat]
./boardB_display.c(148): warning: implicit conversion changes signedness: 'int' to 'uint32_t' (aka 'unsigned int') [-Wsign-conversion]
                        GPIOB->BSRR = (((~col)&0xFF00) << 16) | (col&0xFF00); //left side matrix
                                    ~ ~~~~~~~~~~~~~~~~~~~~~~~~^~~~~~~~~~~~~~
./boardB_display.c(149): warning: implicit conversion changes signedness: 'int' to 'uint32_t' (aka 'unsigned int') [-Wsign-conversion]
                        GPIOC->BSRR = (((~col)&0x003F)<<24)|((col&0x003F)<<8);//right side matrix
                                    ~ ~~~~~~~~~~~~~~~~~~~~~^~~~~~~~~~~~~~~~~~
./boardB_display.c(150): warning: implicit conversion changes signedness: 'int' to 'uint32_t' (aka 'unsigned int') [-Wsign-conversion]
                        GPIOA->BSRR = (((~col)&0x00C0)<<10)|((col&0x00C0)>>6);//PB14,PB15-->PA0,1
                                    ~ ~~~~~~~~~~~~~~~~~~~~~^~~~~~~~~~~~~~~~~~
./boardB_display.c(158): warning: implicit conversion changes signedness: 'int' to 'unsigned int' [-Wsign-conversion]
                                display_status[2] &= ~(0xc);
                                                  ~~ ^~~~~~
./boardB_display.c(162): warning: implicit conversion changes signedness: 'int' to 'unsigned int' [-Wsign-conversion]
                                display_status[2] &= ~(0xa);
                                                  ~~ ^~~~~~
./boardB_display.c(166): warning: implicit conversion changes signedness: 'int' to 'unsigned int' [-Wsign-conversion]
                                display_status[2] &= ~(0x6);
                                                  ~~ ^~~~~~
./boardB_display.c(173): warning: implicit conversion changes signedness: 'int' to 'unsigned int' [-Wsign-conversion]
                        else display_status[2] &= ~(0x10);
                                               ~~ ^~~~~~~
./boardB_display.c(177): warning: implicit conversion changes signedness: 'int' to 'uint32_t' (aka 'unsigned int') [-Wsign-conversion]
                        GPIOB->BSRR = (((~col)&0xFF00) << 16) | (col&0xFF00); //left side matrix
                                    ~ ~~~~~~~~~~~~~~~~~~~~~~~~^~~~~~~~~~~~~~
./boardB_display.c(178): warning: implicit conversion changes signedness: 'int' to 'uint32_t' (aka 'unsigned int') [-Wsign-conversion]
                        GPIOC->BSRR = (((~col)&0x003F)<<24)|((col&0x003F)<<8);//right side matrix
                                    ~ ~~~~~~~~~~~~~~~~~~~~~^~~~~~~~~~~~~~~~~~
./boardB_display.c(179): warning: implicit conversion changes signedness: 'int' to 'uint32_t' (aka 'unsigned int') [-Wsign-conversion]
                        GPIOA->BSRR = (((~col)&0x00C0)<<10)|((col&0x00C0)>>6);//PA0,1
                                    ~ ~~~~~~~~~~~~~~~~~~~~~^~~~~~~~~~~~~~~~~~
./boardB_display.c(112): warning: no previous prototype for function 'TIM1_UP_IRQHandler' [-Wmissing-prototypes]
void TIM1_UP_IRQHandler(void){
     ^
./boardB_display.c(112): note: declare 'static' if the function is not intended to be used outside of this translation unit
void TIM1_UP_IRQHandler(void){
^
static 
./boardB_display.c(215): warning: variable declaration in for loop is a C99-specific feature [-Wc99-extensions]
                        for(int j=0;j<5; j++){
                            ^
./boardB_display.c(215): warning: GCC does not allow variable declarations in for loop initializers before C99 [-Wgcc-compat]
./boardB_display.c(223): warning: variable declaration in for loop is a C99-specific feature [-Wc99-extensions]
                        for (int j = 0; j<5; j++){
                             ^
./boardB_display.c(223): warning: GCC does not allow variable declarations in for loop initializers before C99 [-Wgcc-compat]
./boardB_display.c(230): warning: implicit conversion changes signedness: 'int' to 'unsigned int' [-Wsign-conversion]
                                        display_status[2] &= ~0x1;
                                                          ~~ ^~~~
./boardB_display.c(197): warning: no previous prototype for function 'TIM2_IRQHandler' [-Wmissing-prototypes]
void TIM2_IRQHandler(void){
     ^
./boardB_display.c(197): note: declare 'static' if the function is not intended to be used outside of this translation unit
void TIM2_IRQHandler(void){
^
static 
./boardB_display.c(248): warning: implicit conversion changes signedness: 'int' to 'u32' (aka 'unsigned int') [-Wsign-conversion]
                time_tmp = time;        
                         ~ ^~~~
./boardB_display.c(270): warning: variable declaration in for loop is a C99-specific feature [-Wc99-extensions]
                        for (int N = 0; N<8; N++){
                             ^
./boardB_display.c(270): warning: GCC does not allow variable declarations in for loop initializers before C99 [-Wgcc-compat]
./boardB_display.c(278): warning: variable declaration in for loop is a C99-specific feature [-Wc99-extensions]
        for(int k = 0; k<5; k++){
            ^
./boardB_display.c(278): warning: GCC does not allow variable declarations in for loop initializers before C99 [-Wgcc-compat]
./boardB_display.c(281): warning: implicit conversion changes signedness: 'int' to 'u32' (aka 'unsigned int') [-Wsign-conversion]
                                                                                        |(font5x4[digit[8]][k]<<28);
                                                                                        ^~~~~~~~~~~~~~~~~~~~~~~~~~~
./boardB_display.c(285): warning: variable declaration in for loop is a C99-specific feature [-Wc99-extensions]
        for(int N = 0; N < 5; N++){
            ^
./boardB_display.c(285): warning: GCC does not allow variable declarations in for loop initializers before C99 [-Wgcc-compat]
./boardB_display.c(287): warning: implicit conversion changes signedness: 'int' to 'u32' (aka 'unsigned int') [-Wsign-conversion]
                                time_setting_display[N] = (font5x4[2][N]<<8)|(font5x4[1][N]<<12); // setting 12 font
                                                        ~ ~~~~~~~~~~~~~~~~~~^~~~~~~~~~~~~~~~~~~~
./boardB_display.c(290): warning: implicit conversion changes signedness: 'int' to 'u32' (aka 'unsigned int') [-Wsign-conversion]
                                time_setting_display[N] = (font5x4[4][N]<<8)|(font5x4[2][N]<<12); // setting 24 font
                                                        ~ ~~~~~~~~~~~~~~~~~~^~~~~~~~~~~~~~~~~~~~
./boardB_display.c(242): warning: no previous prototype for function 'time_transform' [-Wmissing-prototypes]
void time_transform(void){
     ^
./boardB_USART.c(24): note: this declaration is not a prototype; add 'void' to make it a prototype for a zero-parameter function
void time_transform();
     ^
                    void
boardB_main.c(3): warning: In file included from...
./boardB_display.c(314): warning: variable declaration in for loop is a C99-specific feature [-Wc99-extensions]
        for (int L = 0; L<5; L++){ // hund_ten_one.point_lx
             ^
./boardB_display.c(314): warning: GCC does not allow variable declarations in for loop initializers before C99 [-Wgcc-compat]
./boardB_display.c(316): warning: implicit conversion changes signedness: 'int' to 'u32' (aka 'unsigned int') [-Wsign-conversion]
                                                                                        |(font5x4[digit_l[2]][L]<<18)|(font5x4[digit_l[3]][L]<<22);
                                                                                        ~~~~~~~~~~~~~~~~~~~~~~~~~~~~~^~~~~~~~~~~~~~~~~~~~~~~~~~~~~
./boardB_display.c(297): warning: unused variable 'point_l' [-Wunused-variable]
        int hund_l,ten_l,one_l,point_l;
                               ^
./boardB_display.c(297): warning: unused variable 'hund_l' [-Wunused-variable]
        int hund_l,ten_l,one_l,point_l;
            ^
./boardB_display.c(297): warning: unused variable 'ten_l' [-Wunused-variable]
        int hund_l,ten_l,one_l,point_l;
                   ^
./boardB_display.c(297): warning: unused variable 'one_l' [-Wunused-variable]
        int hund_l,ten_l,one_l,point_l;
                         ^
./boardB_display.c(296): warning: no previous prototype for function 'light_transform' [-Wmissing-prototypes]
void light_transform(void){
     ^
./boardB_USART.c(25): note: this declaration is not a prototype; add 'void' to make it a prototype for a zero-parameter function
void light_transform();
     ^
                     void
boardB_main.c(3): warning: In file included from...
./boardB_display.c(353): warning: variable declaration in for loop is a C99-specific feature [-Wc99-extensions]
                for (int M = 0; M<5; M++){ //celcius hund_ten_one.point_C
                     ^
./boardB_display.c(353): warning: GCC does not allow variable declarations in for loop initializers before C99 [-Wgcc-compat]
./boardB_display.c(355): warning: implicit conversion changes signedness: 'int' to 'u32' (aka 'unsigned int') [-Wsign-conversion]
                                                                                                |(font5x4[digit_t[2]][M]<<14)|(font5x4[digit_t[3]][M]<<18);
                                                                                                ~~~~~~~~~~~~~~~~~~~~~~~~~~~~~^~~~~~~~~~~~~~~~~~~~~~~~~~~~~
./boardB_display.c(357): warning: variable declaration in for loop is a C99-specific feature [-Wc99-extensions]
                for (int N = 0; N<5; N++){
                     ^
./boardB_display.c(357): warning: GCC does not allow variable declarations in for loop initializers before C99 [-Wgcc-compat]
./boardB_display.c(362): warning: variable declaration in for loop is a C99-specific feature [-Wc99-extensions]
                for (int M = 0; M<5; M++){ //celcius hund_ten_one.point_F
                     ^
./boardB_display.c(362): warning: GCC does not allow variable declarations in for loop initializers before C99 [-Wgcc-compat]
./boardB_display.c(364): warning: implicit conversion changes signedness: 'int' to 'u32' (aka 'unsigned int') [-Wsign-conversion]
                                                                                                |(font5x4[digit_t[2]][M]<<14)|(font5x4[digit_t[3]][M]<<18);
                                                                                                ~~~~~~~~~~~~~~~~~~~~~~~~~~~~~^~~~~~~~~~~~~~~~~~~~~~~~~~~~~
./boardB_display.c(366): warning: variable declaration in for loop is a C99-specific feature [-Wc99-extensions]
                for (int N = 0; N<5; N++){
                     ^
./boardB_display.c(366): warning: GCC does not allow variable declarations in for loop initializers before C99 [-Wgcc-compat]
./boardB_display.c(321): warning: no previous prototype for function 'temp_transform' [-Wmissing-prototypes]
void temp_transform(void) {
     ^
./boardB_USART.c(26): note: this declaration is not a prototype; add 'void' to make it a prototype for a zero-parameter function
void temp_transform();
     ^
                    void
boardB_main.c(3): warning: In file included from...
./boardB_display.c(343): warning: variable 'point_t' is used uninitialized whenever 'if' condition is false [-Wsometimes-uninitialized]
        else if( temp_sel == 1){
                 ^~~~~~~~~~~~~
./boardB_display.c(350): note: uninitialized use occurs here
        digit_t[0] = point_t; digit_t[1] = one_t; digit_t[2] = ten_t; digit_t[3] = hund_t;
                     ^~~~~~~
./boardB_display.c(343): note: remove the 'if' if its condition is always true
        else if( temp_sel == 1){
             ^~~~~~~~~~~~~~~~~~
./boardB_display.c(326): note: initialize the variable 'point_t' to silence this warning
        int hund_t,ten_t,one_t,point_t;
                                      ^
                                       = 0
./boardB_display.c(343): warning: variable 'one_t' is used uninitialized whenever 'if' condition is false [-Wsometimes-uninitialized]
        else if( temp_sel == 1){
                 ^~~~~~~~~~~~~
./boardB_display.c(350): note: uninitialized use occurs here
        digit_t[0] = point_t; digit_t[1] = one_t; digit_t[2] = ten_t; digit_t[3] = hund_t;
                                           ^~~~~
./boardB_display.c(343): note: remove the 'if' if its condition is always true
        else if( temp_sel == 1){
             ^~~~~~~~~~~~~~~~~~
./boardB_display.c(326): note: initialize the variable 'one_t' to silence this warning
        int hund_t,ten_t,one_t,point_t;
                              ^
                               = 0
./boardB_display.c(343): warning: variable 'ten_t' is used uninitialized whenever 'if' condition is false [-Wsometimes-uninitialized]
        else if( temp_sel == 1){
                 ^~~~~~~~~~~~~
./boardB_display.c(350): note: uninitialized use occurs here
        digit_t[0] = point_t; digit_t[1] = one_t; digit_t[2] = ten_t; digit_t[3] = hund_t;
                                                               ^~~~~
./boardB_display.c(343): note: remove the 'if' if its condition is always true
        else if( temp_sel == 1){
             ^~~~~~~~~~~~~~~~~~
./boardB_display.c(326): note: initialize the variable 'ten_t' to silence this warning
        int hund_t,ten_t,one_t,point_t;
                        ^
                         = 0
./boardB_display.c(343): warning: variable 'hund_t' is used uninitialized whenever 'if' condition is false [-Wsometimes-uninitialized]
        else if( temp_sel == 1){
                 ^~~~~~~~~~~~~
./boardB_display.c(350): note: uninitialized use occurs here
        digit_t[0] = point_t; digit_t[1] = one_t; digit_t[2] = ten_t; digit_t[3] = hund_t;
                                                                                   ^~~~~~
./boardB_display.c(343): note: remove the 'if' if its condition is always true
        else if( temp_sel == 1){
             ^~~~~~~~~~~~~~~~~~
./boardB_display.c(326): note: initialize the variable 'hund_t' to silence this warning
        int hund_t,ten_t,one_t,point_t;
                  ^
                   = 0
./boardB_display.c(378): warning: implicit conversion changes signedness: 'int' to 'u32' (aka 'unsigned int') [-Wsign-conversion]
                time_tmp = time_setting;
                         ~ ^~~~~~~~~~~~
./boardB_display.c(416): warning: variable declaration in for loop is a C99-specific feature [-Wc99-extensions]
        for(int N = 0; N<5; N++){
            ^
./boardB_display.c(416): warning: GCC does not allow variable declarations in for loop initializers before C99 [-Wgcc-compat]
./boardB_display.c(418): warning: implicit conversion changes signedness: 'int' to 'u32' (aka 'unsigned int') [-Wsign-conversion]
                                                                                                                        |(font5x4[digit_s[2]][N]<<8)|(font5x4[digit_s[3]][N]<<12);//0,1,2,3
                                                                                                                        ~~~~~~~~~~~~~~~~~~~~~~~~~~~~^~~~~~~~~~~~~~~~~~~~~~~~~~~~~
./boardB_display.c(372): warning: no previous prototype for function 'time_setting_transform' [-Wmissing-prototypes]
void time_setting_transform (void){ // at time setting, hour min sec decided
     ^
./boardB_USART.c(27): note: this declaration is not a prototype; add 'void' to make it a prototype for a zero-parameter function
void time_setting_transform();
     ^
                            void
boardB_main.c(4): warning: In file included from...
./BoardB_Timer.c(7): warning: // comments are not allowed in this language [-Wcomment]
        RCC->APB1ENR |= 0x2;    // TIM3EN
                                ^
./BoardB_Timer.c(6): warning: no previous prototype for function 'Timer3_setting' [-Wmissing-prototypes]
void Timer3_setting(void){
     ^
./BoardB_Timer.c(6): note: declare 'static' if the function is not intended to be used outside of this translation unit
void Timer3_setting(void){
^
static 
./BoardB_Timer.c(22): warning: no previous prototype for function 'TIM3_IRQHandler' [-Wmissing-prototypes]
void TIM3_IRQHandler(void){
     ^
./BoardB_Timer.c(22): note: declare 'static' if the function is not intended to be used outside of this translation unit
void TIM3_IRQHandler(void){
^
static 
boardB_main.c(6): warning: // comments are not allowed in this language [-Wcomment]
u8 whatis=0; // signal for USART. indicate what data is going to be received
             ^
boardB_main.c(50): warning: empty expression statement has no effect; remove unnecessary ';' to silence this warning [-Wextra-semi-stmt]
        while(1){;}
                 ^
boardB_main.c(3): warning: In file included from...
./boardB_display.c(83): warning: no previous extern declaration for non-static variable 'lux' [-Wmissing-variable-declarations]
int lux;
    ^
./boardB_display.c(83): note: declare 'static' if the variable is not intended to be used outside of this translation unit
int lux;
^
100 warnings generated.
compiling boardB_main.c...
linking...
Program Size: Code=8380 RO-data=268 RW-data=112 ZI-data=1872  
".\Objects\Project_BoardB.axf" - 0 Error(s), 101 Warning(s).

<h2>Software Packages used:</h2>

Package Vendor: ARM
                http://www.keil.com/pack/ARM.CMSIS.5.9.0.pack
                ARM.CMSIS.5.9.0
                CMSIS (Common Microcontroller Software Interface Standard)
   * Component: CORE Version: 5.6.0

Package Vendor: Keil
                http://www.keil.com/pack/Keil.STM32F1xx_DFP.2.4.0.pack
                Keil.STM32F1xx_DFP.2.4.0
                STMicroelectronics STM32F1 Series Device Support, Drivers and Examples
   * Component: Startup Version: 1.0.0

<h2>Collection of Component include folders:</h2>
  ./RTE/Device/STM32F103RB
  ./RTE/_Target_1
  C:/Users/hyunju/AppData/Local/Arm/Packs/ARM/CMSIS/5.9.0/CMSIS/Core/Include
  C:/Users/hyunju/AppData/Local/Arm/Packs/Keil/STM32F1xx_DFP/2.4.0/Device/Include

<h2>Collection of Component Files used:</h2>

   * Component: ARM::CMSIS:CORE:5.6.0

   * Component: Keil::Device:Startup:1.0.0
      Source file:   Device/Source/ARM/startup_stm32f10x_md.s
      Source file:   Device/Source/system_stm32f10x.c
      Include file:  RTE_Driver/Config/RTE_Device.h
      Source file:   Device/Source/ARM/STM32F1xx_OPT.s
Build Time Elapsed:  00:00:03
</pre>
</body>
</html>
